2026-08-13T15:38:14+0000 INFO root: Logged in as 鋒三 (3706990272449316), account coins: 90, level: Lv3, exp: 1520, exp to next: 2980, days at 15 exp/day: 199
2026-08-13T15:38:14+0000 INFO root: Selected video: BV1Peg56kEbt 深切缅怀！朱总理一路走好！
2026-08-13T15:38:15+0000 INFO root: Watch task: watch_reported 0
2026-08-13T15:38:15+0000 INFO root: Share task: share_reported OK
2026-08-13T15:38:15+0000 INFO root: Daily summary written to logs/huang1988pioneer/daily_summary.md and GitHub Step Summary.
2026-08-13T19:14:18+0000 INFO root: Waiting. Now 3:00 Taipei, target is 6:00.
2026-08-13T19:14:18+0000 INFO root: Daily summary written to logs/huang1988pioneer/daily_summary.md and GitHub Step Summary.
2026-08-13T20:54:13+0000 INFO root: Waiting. Now 4:00 Taipei, target is 6:00.
2026-08-13T20:54:13+0000 INFO root: Daily summary written to logs/huang1988pioneer/daily_summary.md and GitHub Step Summary.
2026-08-13T21:55:29+0000 INFO root: Waiting. Now 5:00 Taipei, target is 6:00.
2026-08-13T21:55:29+0000 INFO root: Daily summary written to logs/huang1988pioneer/daily_summary.md and GitHub Step Summary.
2026-08-13T22:53:47+0000 INFO root: Logged in as 鋒三 (3706990272449316), account coins: 91, level: Lv3, exp: 1520, exp to next: 2980, days at 15 exp/day: 199
2026-08-13T22:53:48+0000 INFO root: Daily summary written to logs/huang1988pioneer/daily_summary.md and GitHub Step Summary.
2026-08-13T22:53:48+0000 ERROR root: HTTP 404: xxxx
2026-08-13T23:51:21+0000 INFO root: Logged in as 鋒三 (3706990272449316), account coins: 91, level: Lv3, exp: 1520, exp to next: 2980, days at 15 exp/day: 199
2026-08-13T23:51:22+0000 INFO root: Daily summary written to logs/huang1988pioneer/daily_summary.md and GitHub Step Summary.
2026-08-13T23:51:22+0000 ERROR root: HTTP 404: xxxx
2026-08-14T02:34:43+0000 INFO root: Logged in as 鋒三 (3706990272449316), account coins: 91, level: Lv3, exp: 1520, exp to next: 2980, days at 15 exp/day: 199
2026-08-14T02:34:44+0000 INFO root: Daily summary written to logs/huang1988pioneer/daily_summary.md and GitHub Step Summary.
2026-08-14T02:34:44+0000 ERROR root: HTTP 404: xxxx
2026-08-14T04:56:26+0000 INFO root: Logged in as 鋒三 (3706990272449316), account coins: 91, level: Lv3, exp: 1520, exp to next: 2980, days at 15 exp/day: 199
2026-08-14T04:56:27+0000 INFO root: Daily summary written to logs/huang1988pioneer/daily_summary.md and GitHub Step Summary.
2026-08-14T04:56:27+0000 ERROR root: HTTP 404: xxxx
2026-08-14T05:28:47+0000 INFO root: Logged in as 鋒三 (3706990272449316), account coins: 91, level: Lv3, exp: 1520, exp to next: 2980, days at 15 exp/day: 199
2026-08-14T05:28:48+0000 INFO root: Selected video: BV1tBuq65Egr 历时150天！一条命看完《厉鬼将行》第一季！都市灵异动画！
2026-08-14T05:28:48+0000 INFO root: Watch task: watch_reported 0
2026-08-14T05:28:48+0000 INFO root: Share task: share_failed 账号异常,操作失败
2026-08-14T05:28:49+0000 INFO root: Daily summary written to logs/huang1988pioneer/daily_summary.md and GitHub Step Summary.
2026-08-14T05:35:30+0000 INFO root: Logged in as 鋒三 (3706990272449316), account coins: 91, level: Lv3, exp: 1530, exp to next: 2970, days at 15 exp/day: 198
2026-08-14T05:35:30+0000 INFO root: Selected video: BV1e9ub6wEHT 循环歌单|《走马灯の小曲》《回忆の小曲》侧脸
2026-08-14T05:35:31+0000 INFO root: Watch task: watch_reported 0
2026-08-14T05:35:31+0000 INFO root: Share task: share_failed 账号异常,操作失败
2026-08-14T05:35:31+0000 INFO root: Daily summary written to logs/huang1988pioneer/daily_summary.md and GitHub Step Summary.
2026-08-14T05:40:34+0000 INFO root: Logged in as 鋒三 (3706990272449316), account coins: 91, level: Lv3, exp: 1530, exp to next: 2970, days at 15 exp/day: 198
2026-08-14T05:40:35+0000 INFO root: Selected video: BV1tBuq65Egr 历时150天！一条命看完《厉鬼将行》第一季！都市灵异动画！
2026-08-14T05:40:35+0000 INFO root: Watch task: watch_reported 0
2026-08-14T05:40:36+0000 INFO root: Share task: share_failed 账号异常,操作失败
2026-08-14T05:40:36+0000 INFO root: Daily summary written to logs/huang1988pioneer/daily_summary.md and GitHub Step Summary.
2026-08-14T05:58:05+0000 INFO root: Logged in as 鋒三 (3706990272449316), account coins: 91, level: Lv3, exp: 1530, exp to next: 2970, days at 15 exp/day: 198
2026-08-14T05:58:06+0000 INFO root: Selected video: BV1v2uB6ZEZH 【vm手书/超度我】考，我在做什么。
2026-08-14T05:58:06+0000 INFO root: Watch task: watch_reported 0
2026-08-14T05:58:07+0000 INFO root: Share task: share_reported OK
2026-08-14T05:58:07+0000 INFO root: Daily summary written to logs/huang1988pioneer/daily_summary.md and GitHub Step Summary.
2026-08-14T06:20:58+0000 INFO root: Logged in as 鋒三 (3706990272449316), account coins: 91, level: Lv3, exp: 1535, exp to next: 2965, days at 15 exp/day: 198
2026-08-14T06:20:58+0000 INFO root: Selected video: BV1fvgJ6jE59 “同志们，准备好被写进历史了吗？”
2026-08-14T06:20:58+0000 INFO root: Watch task: watch_reported 0
2026-08-14T06:20:59+0000 INFO root: Share task: share_reported OK
2026-08-14T06:20:59+0000 INFO root: Daily summary written to logs/huang1988pioneer/daily_summary.md and GitHub Step Summary.
2026-08-14T08:23:18+0000 INFO root: Logged in as 鋒三 (3706990272449316), account coins: 91, level: Lv3, exp: 1535, exp to next: 2965, days at 15 exp/day: 198
2026-08-14T08:23:18+0000 INFO root: Daily experience tasks already complete.
2026-08-14T08:23:18+0000 INFO root: Daily summary written to logs/huang1988pioneer/daily_summary.md and GitHub Step Summary.
2026-08-14T10:12:34+0000 INFO root: Logged in as 鋒三 (3706990272449316), account coins: 91, level: Lv3, exp: 1535, exp to next: 2965, days at 15 exp/day: 198
2026-08-14T10:12:35+0000 INFO root: Daily experience tasks already complete.
2026-08-14T10:12:35+0000 INFO root: Daily summary written to logs/huang1988pioneer/daily_summary.md and GitHub Step Summary.
2026-08-14T11:52:15+0000 INFO root: Logged in as 鋒三 (3706990272449316), account coins: 91, level: Lv3, exp: 1535, exp to next: 2965, days at 15 exp/day: 198
2026-08-14T11:52:15+0000 INFO root: Daily experience tasks already complete.
2026-08-14T11:52:15+0000 INFO root: Daily summary written to logs/huang1988pioneer/daily_summary.md and GitHub Step Summary.
2026-08-14T19:05:03+0000 INFO root: Waiting. Now 3:00 Taipei, target is 8:00.
2026-08-14T19:05:03+0000 INFO root: Daily summary written to logs/huang1988pioneer/daily_summary.md and GitHub Step Summary.
2026-08-14T19:52:47+0000 INFO root: Waiting. Now 3:00 Taipei, target is 8:00.
2026-08-14T19:52:47+0000 INFO root: Daily summary written to logs/huang1988pioneer/daily_summary.md and GitHub Step Summary.
2026-08-14T20:37:54+0000 INFO root: Waiting. Now 4:00 Taipei, target is 8:00.
2026-08-14T20:37:54+0000 INFO root: Daily summary written to logs/huang1988pioneer/daily_summary.md and GitHub Step Summary.
2026-08-14T21:33:20+0000 INFO root: Waiting. Now 5:00 Taipei, target is 8:00.
2026-08-14T21:33:20+0000 INFO root: Daily summary written to logs/huang1988pioneer/daily_summary.md and GitHub Step Summary.
2026-08-14T22:31:47+0000 INFO root: Waiting. Now 6:00 Taipei, target is 8:00.
2026-08-14T22:31:47+0000 INFO root: Daily summary written to logs/huang1988pioneer/daily_summary.md and GitHub Step Summary.
2026-08-14T23:29:42+0000 INFO root: Waiting. Now 7:00 Taipei, target is 8:00.
2026-08-14T23:29:42+0000 INFO root: Daily summary written to logs/huang1988pioneer/daily_summary.md and GitHub Step Summary.
2026-08-15T01:43:59+0000 INFO root: Logged in as 鋒三 (3706990272449316), account coins: 91, level: Lv3, exp: 1535, exp to next: 2965, days at 15 exp/day: 198
2026-08-15T01:44:00+0000 INFO root: Selected video: BV15HgE6TER4 俄罗斯历史课本里的中国，和你想的一样吗？
2026-08-15T01:44:00+0000 INFO root: Watch task: watch_reported 0
2026-08-15T01:44:00+0000 INFO root: Share task: share_reported OK
2026-08-15T01:44:00+0000 INFO root: Daily summary written to logs/huang1988pioneer/daily_summary.md and GitHub Step Summary.
2026-08-15T02:58:56+0000 INFO root: Logged in as 鋒三 (3706990272449316), account coins: 92, level: Lv3, exp: 1550, exp to next: 2950, days at 15 exp/day: 197
2026-08-15T02:58:57+0000 INFO root: Daily experience tasks already complete.
2026-08-15T02:58:57+0000 INFO root: Daily summary written to logs/huang1988pioneer/daily_summary.md and GitHub Step Summary.
2026-08-15T03:47:34+0000 INFO root: Logged in as 鋒三 (3706990272449316), account coins: 92, level: Lv3, exp: 1550, exp to next: 2950, days at 15 exp/day: 197
2026-08-15T03:47:34+0000 INFO root: Daily experience tasks already complete.
2026-08-15T03:47:34+0000 INFO root: Daily summary written to logs/huang1988pioneer/daily_summary.md and GitHub Step Summary.
2026-08-15T04:39:29+0000 INFO root: No due experience check. Now 12:00 Taipei, target was 8:00.
2026-08-15T04:39:29+0000 INFO root: Daily summary written to logs/huang1988pioneer/daily_summary.md and GitHub Step Summary.
2026-08-15T05:32:45+0000 INFO root: No due experience check. Now 13:00 Taipei, target was 8:00.
2026-08-15T05:32:45+0000 INFO root: Daily summary written to logs/huang1988pioneer/daily_summary.md and GitHub Step Summary.
2026-08-15T06:51:22+0000 INFO root: Logged in as 鋒三 (3706990272449316), account coins: 92, level: Lv3, exp: 1550, exp to next: 2950, days at 15 exp/day: 197
2026-08-15T06:51:23+0000 INFO root: Daily experience tasks already complete.
2026-08-15T06:51:23+0000 INFO root: Daily summary written to logs/huang1988pioneer/daily_summary.md and GitHub Step Summary.
2026-08-15T07:37:14+0000 INFO root: No due experience check. Now 15:00 Taipei, target was 8:00.
2026-08-15T07:37:14+0000 INFO root: Daily summary written to logs/huang1988pioneer/daily_summary.md and GitHub Step Summary.
2026-08-15T08:38:09+0000 INFO root: No due experience check. Now 16:00 Taipei, target was 8:00.
2026-08-15T08:38:09+0000 INFO root: Daily summary written to logs/huang1988pioneer/daily_summary.md and GitHub Step Summary.
2026-08-15T09:33:37+0000 INFO root: No due experience check. Now 17:00 Taipei, target was 8:00.
2026-08-15T09:33:37+0000 INFO root: Daily summary written to logs/huang1988pioneer/daily_summary.md and GitHub Step Summary.
2026-08-15T10:30:40+0000 INFO root: No due experience check. Now 18:00 Taipei, target was 8:00.
2026-08-15T10:30:40+0000 INFO root: Daily summary written to logs/huang1988pioneer/daily_summary.md and GitHub Step Summary.
2026-08-15T11:28:00+0000 INFO root: No due experience check. Now 19:00 Taipei, target was 8:00.
2026-08-15T11:28:00+0000 INFO root: Daily summary written to logs/huang1988pioneer/daily_summary.md and GitHub Step Summary.
2026-08-15T18:40:42+0000 INFO root: Waiting. Now 2:00 Taipei, target is 13:00.
2026-08-15T18:40:42+0000 INFO root: Daily summary written to logs/huang1988pioneer/daily_summary.md and GitHub Step Summary.
2026-08-15T19:28:15+0000 INFO root: Waiting. Now 3:00 Taipei, target is 13:00.
2026-08-15T19:28:15+0000 INFO root: Daily summary written to logs/huang1988pioneer/daily_summary.md and GitHub Step Summary.
2026-08-15T20:31:51+0000 INFO root: Waiting. Now 4:00 Taipei, target is 13:00.
2026-08-15T20:31:51+0000 INFO root: Daily summary written to logs/huang1988pioneer/daily_summary.md and GitHub Step Summary.
2026-08-15T21:29:42+0000 INFO root: Waiting. Now 5:00 Taipei, target is 13:00.
2026-08-15T21:29:42+0000 INFO root: Daily summary written to logs/huang1988pioneer/daily_summary.md and GitHub Step Summary.
2026-08-15T22:30:25+0000 INFO root: Waiting. Now 6:00 Taipei, target is 13:00.
2026-08-15T22:30:25+0000 INFO root: Daily summary written to logs/huang1988pioneer/daily_summary.md and GitHub Step Summary.
2026-08-15T23:27:54+0000 INFO root: Waiting. Now 7:00 Taipei, target is 13:00.
2026-08-15T23:27:54+0000 INFO root: Daily summary written to logs/huang1988pioneer/daily_summary.md and GitHub Step Summary.
2026-08-16T01:51:19+0000 INFO root: Waiting. Now 9:00 Taipei, target is 13:00.
2026-08-16T01:51:19+0000 INFO root: Daily summary written to logs/huang1988pioneer/daily_summary.md and GitHub Step Summary.
2026-08-16T03:08:35+0000 INFO root: Waiting. Now 11:00 Taipei, target is 13:00.
2026-08-16T03:08:35+0000 INFO root: Daily summary written to logs/huang1988pioneer/daily_summary.md and GitHub Step Summary.
2026-08-16T04:43:41+0000 INFO root: Waiting. Now 12:00 Taipei, target is 13:00.
2026-08-16T04:43:41+0000 INFO root: Daily summary written to logs/huang1988pioneer/daily_summary.md and GitHub Step Summary.
2026-08-16T05:35:28+0000 INFO root: Logged in as 鋒三 (3706990272449316), account coins: 93, level: Lv3, exp: 1550, exp to next: 2950, days at 15 exp/day: 197
2026-08-16T05:35:29+0000 INFO root: Selected video: BV1ZxgP6TEGL 我们在小炬，等你回家！
2026-08-16T05:35:29+0000 INFO root: Watch task: watch_reported 0
2026-08-16T05:35:30+0000 INFO root: Share task: share_reported OK
2026-08-16T05:35:30+0000 INFO root: Daily summary written to logs/huang1988pioneer/daily_summary.md and GitHub Step Summary.
2026-08-16T06:53:25+0000 INFO root: Logged in as 鋒三 (3706990272449316), account coins: 93, level: Lv3, exp: 1565, exp to next: 2935, days at 15 exp/day: 196
2026-08-16T06:53:25+0000 INFO root: Daily experience tasks already complete.
2026-08-16T06:53:25+0000 INFO root: Daily summary written to logs/huang1988pioneer/daily_summary.md and GitHub Step Summary.
2026-08-16T07:38:14+0000 INFO root: No due experience check. Now 15:00 Taipei, target was 13:00.
2026-08-16T07:38:14+0000 INFO root: Daily summary written to logs/huang1988pioneer/daily_summary.md and GitHub Step Summary.
2026-08-16T08:38:46+0000 INFO root: Logged in as 鋒三 (3706990272449316), account coins: 93, level: Lv3, exp: 1565, exp to next: 2935, days at 15 exp/day: 196
2026-08-16T08:38:47+0000 INFO root: Daily experience tasks already complete.
2026-08-16T08:38:47+0000 INFO root: Daily summary written to logs/huang1988pioneer/daily_summary.md and GitHub Step Summary.
2026-08-16T09:34:51+0000 INFO root: No due experience check. Now 17:00 Taipei, target was 13:00.
2026-08-16T09:34:51+0000 INFO root: Daily summary written to logs/huang1988pioneer/daily_summary.md and GitHub Step Summary.
2026-08-16T10:31:32+0000 INFO root: No due experience check. Now 18:00 Taipei, target was 13:00.
2026-08-16T10:31:32+0000 INFO root: Daily summary written to logs/huang1988pioneer/daily_summary.md and GitHub Step Summary.
2026-08-16T11:27:33+0000 INFO root: Logged in as 鋒三 (3706990272449316), account coins: 93, level: Lv3, exp: 1565, exp to next: 2935, days at 15 exp/day: 196
2026-08-16T11:27:34+0000 INFO root: Daily experience tasks already complete.
2026-08-16T11:27:34+0000 INFO root: Daily summary written to logs/huang1988pioneer/daily_summary.md and GitHub Step Summary.
2026-08-16T18:39:53+0000 INFO root: Logged in as 鋒三 (3706990272449316), account coins: 93, level: Lv3, exp: 1565, exp to next: 2935, days at 15 exp/day: 196
2026-08-16T18:39:53+0000 INFO root: Selected video: BV1VfbR6pEw9 周处除三害现实版，我们干掉他了！
2026-08-16T18:39:53+0000 INFO root: Watch task: watch_reported 0
2026-08-16T18:39:54+0000 INFO root: Share task: share_reported OK
2026-08-16T18:39:54+0000 INFO root: Daily summary written to logs/huang1988pioneer/daily_summary.md and GitHub Step Summary.
2026-08-16T19:27:07+0000 INFO root: Logged in as 鋒三 (3706990272449316), account coins: 93, level: Lv3, exp: 1580, exp to next: 2920, days at 15 exp/day: 195
2026-08-16T19:27:08+0000 INFO root: Daily experience tasks already complete.
2026-08-16T19:27:08+0000 INFO root: Daily summary written to logs/huang1988pioneer/daily_summary.md and GitHub Step Summary.
2026-08-16T20:31:52+0000 INFO root: No due experience check. Now 4:00 Taipei, target was 2:00.
2026-08-16T20:31:52+0000 INFO root: Daily summary written to logs/huang1988pioneer/daily_summary.md and GitHub Step Summary.
2026-08-16T21:27:47+0000 INFO root: Logged in as 鋒三 (3706990272449316), account coins: 94, level: Lv3, exp: 1580, exp to next: 2920, days at 15 exp/day: 195
2026-08-16T21:27:48+0000 INFO root: Daily experience tasks already complete.
2026-08-16T21:27:48+0000 INFO root: Daily summary written to logs/huang1988pioneer/daily_summary.md and GitHub Step Summary.
2026-08-16T22:29:54+0000 INFO root: No due experience check. Now 6:00 Taipei, target was 2:00.
2026-08-16T22:29:54+0000 INFO root: Daily summary written to logs/huang1988pioneer/daily_summary.md and GitHub Step Summary.
2026-08-16T23:28:11+0000 INFO root: No due experience check. Now 7:00 Taipei, target was 2:00.
2026-08-16T23:28:11+0000 INFO root: Daily summary written to logs/huang1988pioneer/daily_summary.md and GitHub Step Summary.
2026-08-17T01:49:04+0000 INFO root: Logged in as 鋒三 (3706990272449316), account coins: 94, level: Lv3, exp: 1580, exp to next: 2920, days at 15 exp/day: 195
2026-08-17T01:49:04+0000 INFO root: Daily experience tasks already complete.
2026-08-17T01:49:04+0000 INFO root: Daily summary written to logs/huang1988pioneer/daily_summary.md and GitHub Step Summary.
2026-08-17T03:07:47+0000 INFO root: No due experience check. Now 11:00 Taipei, target was 2:00.
2026-08-17T03:07:47+0000 INFO root: Daily summary written to logs/huang1988pioneer/daily_summary.md and GitHub Step Summary.
2026-08-17T04:52:17+0000 INFO root: No due experience check. Now 12:00 Taipei, target was 2:00.
2026-08-17T04:52:17+0000 INFO root: Daily summary written to logs/huang1988pioneer/daily_summary.md and GitHub Step Summary.
2026-08-17T05:41:21+0000 INFO root: No due experience check. Now 13:00 Taipei, target was 2:00.
2026-08-17T05:41:21+0000 INFO root: Daily summary written to logs/huang1988pioneer/daily_summary.md and GitHub Step Summary.
2026-08-17T07:10:00+0000 INFO root: No due experience check. Now 15:00 Taipei, target was 2:00.
2026-08-17T07:10:00+0000 INFO root: Daily summary written to logs/huang1988pioneer/daily_summary.md and GitHub Step Summary.
2026-08-17T08:53:43+0000 INFO root: No due experience check. Now 16:00 Taipei, target was 2:00.
2026-08-17T08:53:43+0000 INFO root: Daily summary written to logs/huang1988pioneer/daily_summary.md and GitHub Step Summary.
2026-08-17T09:52:11+0000 INFO root: No due experience check. Now 17:00 Taipei, target was 2:00.
2026-08-17T09:52:11+0000 INFO root: Daily summary written to logs/huang1988pioneer/daily_summary.md and GitHub Step Summary.
2026-08-17T10:40:11+0000 INFO root: No due experience check. Now 18:00 Taipei, target was 2:00.
2026-08-17T10:40:11+0000 INFO root: Daily summary written to logs/huang1988pioneer/daily_summary.md and GitHub Step Summary.
2026-08-17T11:33:31+0000 INFO root: No due experience check. Now 19:00 Taipei, target was 2:00.
2026-08-17T11:33:31+0000 INFO root: Daily summary written to logs/huang1988pioneer/daily_summary.md and GitHub Step Summary.
2026-08-17T18:51:38+0000 INFO root: Waiting. Now 2:00 Taipei, target is 8:00.
2026-08-17T18:51:38+0000 INFO root: Daily summary written to logs/huang1988pioneer/daily_summary.md and GitHub Step Summary.
2026-08-17T19:35:04+0000 INFO root: Waiting. Now 3:00 Taipei, target is 8:00.
2026-08-17T19:35:04+0000 INFO root: Daily summary written to logs/huang1988pioneer/daily_summary.md and GitHub Step Summary.
2026-08-17T20:35:23+0000 INFO root: Waiting. Now 4:00 Taipei, target is 8:00.
2026-08-17T20:35:23+0000 INFO root: Daily summary written to logs/huang1988pioneer/daily_summary.md and GitHub Step Summary.
2026-08-17T21:33:33+0000 INFO root: Waiting. Now 5:00 Taipei, target is 8:00.
2026-08-17T21:33:33+0000 INFO root: Daily summary written to logs/huang1988pioneer/daily_summary.md and GitHub Step Summary.
2026-08-17T22:32:21+0000 INFO root: Waiting. Now 6:00 Taipei, target is 8:00.
2026-08-17T22:32:21+0000 INFO root: Daily summary written to logs/huang1988pioneer/daily_summary.md and GitHub Step Summary.
2026-08-17T23:30:21+0000 INFO root: Waiting. Now 7:00 Taipei, target is 8:00.
2026-08-17T23:30:21+0000 INFO root: Daily summary written to logs/huang1988pioneer/daily_summary.md and GitHub Step Summary.
2026-08-18T01:44:03+0000 INFO root: Logged in as 鋒三 (3706990272449316), account coins: 94, level: Lv3, exp: 1580, exp to next: 2920, days at 15 exp/day: 195
2026-08-18T01:44:04+0000 INFO root: Selected video: BV1rHbY6MEB9 我这一生最大的罪，是把人写成了妖……
2026-08-18T01:44:04+0000 INFO root: Watch task: watch_reported 0
2026-08-18T01:44:04+0000 INFO root: Share task: share_reported OK
2026-08-18T01:44:05+0000 INFO root: Daily summary written to logs/huang1988pioneer/daily_summary.md and GitHub Step Summary.
2026-08-18T03:03:20+0000 INFO root: Logged in as 鋒三 (3706990272449316), account coins: 95, level: Lv3, exp: 1595, exp to next: 2905, days at 15 exp/day: 194
2026-08-18T03:03:20+0000 INFO root: Daily experience tasks already complete.
2026-08-18T03:03:20+0000 INFO root: Daily summary written to logs/huang1988pioneer/daily_summary.md and GitHub Step Summary.
2026-08-18T03:52:58+0000 INFO root: Logged in as 鋒三 (3706990272449316), account coins: 95, level: Lv3, exp: 1595, exp to next: 2905, days at 15 exp/day: 194
2026-08-18T03:52:58+0000 INFO root: Daily experience tasks already complete.
2026-08-18T03:52:58+0000 INFO root: Daily summary written to logs/huang1988pioneer/daily_summary.md and GitHub Step Summary.
2026-08-18T04:43:29+0000 INFO root: No due experience check. Now 12:00 Taipei, target was 8:00.
2026-08-18T04:43:29+0000 INFO root: Daily summary written to logs/huang1988pioneer/daily_summary.md and GitHub Step Summary.
2026-08-18T05:36:46+0000 INFO root: No due experience check. Now 13:00 Taipei, target was 8:00.
2026-08-18T05:36:46+0000 INFO root: Daily summary written to logs/huang1988pioneer/daily_summary.md and GitHub Step Summary.
2026-08-18T06:56:43+0000 INFO root: Logged in as 鋒三 (3706990272449316), account coins: 95, level: Lv3, exp: 1595, exp to next: 2905, days at 15 exp/day: 194
2026-08-18T06:56:44+0000 INFO root: Daily experience tasks already complete.
2026-08-18T06:56:44+0000 INFO root: Daily summary written to logs/huang1988pioneer/daily_summary.md and GitHub Step Summary.
2026-08-18T07:46:26+0000 INFO root: No due experience check. Now 15:00 Taipei, target was 8:00.
2026-08-18T07:46:26+0000 INFO root: Daily summary written to logs/huang1988pioneer/daily_summary.md and GitHub Step Summary.
2026-08-18T08:47:34+0000 INFO root: No due experience check. Now 16:00 Taipei, target was 8:00.
2026-08-18T08:47:34+0000 INFO root: Daily summary written to logs/huang1988pioneer/daily_summary.md and GitHub Step Summary.
2026-08-18T09:41:12+0000 INFO root: No due experience check. Now 17:00 Taipei, target was 8:00.
2026-08-18T09:41:12+0000 INFO root: Daily summary written to logs/huang1988pioneer/daily_summary.md and GitHub Step Summary.
2026-08-18T10:37:18+0000 INFO root: No due experience check. Now 18:00 Taipei, target was 8:00.
2026-08-18T10:37:18+0000 INFO root: Daily summary written to logs/huang1988pioneer/daily_summary.md and GitHub Step Summary.
2026-08-18T11:33:09+0000 INFO root: No due experience check. Now 19:00 Taipei, target was 8:00.
2026-08-18T11:33:09+0000 INFO root: Daily summary written to logs/huang1988pioneer/daily_summary.md and GitHub Step Summary.
2026-08-18T18:50:46+0000 INFO root: Waiting. Now 2:00 Taipei, target is 6:00.
2026-08-18T18:50:46+0000 INFO root: Daily summary written to logs/huang1988pioneer/daily_summary.md and GitHub Step Summary.
2026-08-18T19:34:01+0000 INFO root: Waiting. Now 3:00 Taipei, target is 6:00.
2026-08-18T19:34:01+0000 INFO root: Daily summary written to logs/huang1988pioneer/daily_summary.md and GitHub Step Summary.
2026-08-18T20:33:03+0000 INFO root: Waiting. Now 4:00 Taipei, target is 6:00.
2026-08-18T20:33:03+0000 INFO root: Daily summary written to logs/huang1988pioneer/daily_summary.md and GitHub Step Summary.
2026-08-18T21:31:49+0000 INFO root: Waiting. Now 5:00 Taipei, target is 6:00.
2026-08-18T21:31:49+0000 INFO root: Daily summary written to logs/huang1988pioneer/daily_summary.md and GitHub Step Summary.
2026-08-18T22:32:24+0000 INFO root: Logged in as 鋒三 (3706990272449316), account coins: 95, level: Lv3, exp: 1595, exp to next: 2905, days at 15 exp/day: 194
2026-08-18T22:32:25+0000 INFO root: Selected video: BV1S4be69EgR 【魔圆手书】圆中心的随之任之【B萌应援】
2026-08-18T22:32:25+0000 INFO root: Watch task: watch_reported 0
2026-08-18T22:32:25+0000 INFO root: Share task: share_reported OK
2026-08-18T22:32:25+0000 INFO root: Daily summary written to logs/huang1988pioneer/daily_summary.md and GitHub Step Summary.
2026-08-18T23:29:29+0000 INFO root: Logged in as 鋒三 (3706990272449316), account coins: 96, level: Lv3, exp: 1610, exp to next: 2890, days at 15 exp/day: 193
2026-08-18T23:29:29+0000 INFO root: Daily experience tasks already complete.
2026-08-18T23:29:29+0000 INFO root: Daily summary written to logs/huang1988pioneer/daily_summary.md and GitHub Step Summary.
2026-08-19T01:45:45+0000 INFO root: Logged in as 鋒三 (3706990272449316), account coins: 96, level: Lv3, exp: 1610, exp to next: 2890, days at 15 exp/day: 193
2026-08-19T01:45:45+0000 INFO root: Daily experience tasks already complete.
2026-08-19T01:45:45+0000 INFO root: Daily summary written to logs/huang1988pioneer/daily_summary.md and GitHub Step Summary.
2026-08-19T03:05:32+0000 INFO root: No due experience check. Now 11:00 Taipei, target was 6:00.
2026-08-19T03:05:32+0000 INFO root: Daily summary written to logs/huang1988pioneer/daily_summary.md and GitHub Step Summary.
2026-08-19T04:44:54+0000 INFO root: Logged in as 鋒三 (3706990272449316), account coins: 96, level: Lv3, exp: 1610, exp to next: 2890, days at 15 exp/day: 193
2026-08-19T04:44:55+0000 INFO root: Daily experience tasks already complete.
2026-08-19T04:44:55+0000 INFO root: Daily summary written to logs/huang1988pioneer/daily_summary.md and GitHub Step Summary.
2026-08-19T05:37:39+0000 INFO root: No due experience check. Now 13:00 Taipei, target was 6:00.
2026-08-19T05:37:39+0000 INFO root: Daily summary written to logs/huang1988pioneer/daily_summary.md and GitHub Step Summary.
2026-08-19T06:58:05+0000 INFO root: No due experience check. Now 14:00 Taipei, target was 6:00.
2026-08-19T06:58:05+0000 INFO root: Daily summary written to logs/huang1988pioneer/daily_summary.md and GitHub Step Summary.
2026-08-19T07:47:21+0000 INFO root: No due experience check. Now 15:00 Taipei, target was 6:00.
2026-08-19T07:47:21+0000 INFO root: Daily summary written to logs/huang1988pioneer/daily_summary.md and GitHub Step Summary.
2026-08-19T08:48:37+0000 INFO root: No due experience check. Now 16:00 Taipei, target was 6:00.
2026-08-19T08:48:37+0000 INFO root: Daily summary written to logs/huang1988pioneer/daily_summary.md and GitHub Step Summary.
2026-08-19T09:41:37+0000 INFO root: No due experience check. Now 17:00 Taipei, target was 6:00.
2026-08-19T09:41:37+0000 INFO root: Daily summary written to logs/huang1988pioneer/daily_summary.md and GitHub Step Summary.
2026-08-19T10:37:17+0000 INFO root: No due experience check. Now 18:00 Taipei, target was 6:00.
2026-08-19T10:37:17+0000 INFO root: Daily summary written to logs/huang1988pioneer/daily_summary.md and GitHub Step Summary.
2026-08-19T11:33:21+0000 INFO root: No due experience check. Now 19:00 Taipei, target was 6:00.
2026-08-19T11:33:21+0000 INFO root: Daily summary written to logs/huang1988pioneer/daily_summary.md and GitHub Step Summary.
2026-08-19T18:46:58+0000 INFO root: Waiting. Now 2:00 Taipei, target is 7:00.
2026-08-19T18:46:58+0000 INFO root: Daily summary written to logs/huang1988pioneer/daily_summary.md and GitHub Step Summary.
2026-08-19T19:33:12+0000 INFO root: Waiting. Now 3:00 Taipei, target is 7:00.
2026-08-19T19:33:12+0000 INFO root: Daily summary written to logs/huang1988pioneer/daily_summary.md and GitHub Step Summary.
2026-08-19T20:37:18+0000 INFO root: Waiting. Now 4:00 Taipei, target is 7:00.
2026-08-19T20:37:18+0000 INFO root: Daily summary written to logs/huang1988pioneer/daily_summary.md and GitHub Step Summary.
2026-08-19T21:33:22+0000 INFO root: Waiting. Now 5:00 Taipei, target is 7:00.
2026-08-19T21:33:22+0000 INFO root: Daily summary written to logs/huang1988pioneer/daily_summary.md and GitHub Step Summary.
2026-08-19T22:33:06+0000 INFO root: Waiting. Now 6:00 Taipei, target is 7:00.
2026-08-19T22:33:06+0000 INFO root: Daily summary written to logs/huang1988pioneer/daily_summary.md and GitHub Step Summary.
2026-08-19T23:30:20+0000 INFO root: Logged in as 鋒三 (3706990272449316), account coins: 96, level: Lv3, exp: 1610, exp to next: 2890, days at 15 exp/day: 193
2026-08-19T23:30:21+0000 INFO root: Selected video: BV1GNbv6ZE1N 忍术回战   26分钟沉浸式观看
2026-08-19T23:30:21+0000 INFO root: Watch task: watch_reported 0
2026-08-19T23:30:22+0000 INFO root: Share task: share_reported OK
2026-08-19T23:30:22+0000 INFO root: Daily summary written to logs/huang1988pioneer/daily_summary.md and GitHub Step Summary.
2026-08-20T01:44:55+0000 INFO root: Logged in as 鋒三 (3706990272449316), account coins: 97, level: Lv3, exp: 1625, exp to next: 2875, days at 15 exp/day: 192
2026-08-20T01:44:56+0000 INFO root: Daily experience tasks already complete.
2026-08-20T01:44:56+0000 INFO root: Daily summary written to logs/huang1988pioneer/daily_summary.md and GitHub Step Summary.
2026-08-20T03:04:59+0000 INFO root: Logged in as 鋒三 (3706990272449316), account coins: 97, level: Lv3, exp: 1625, exp to next: 2875, days at 15 exp/day: 192
2026-08-20T03:04:59+0000 INFO root: Daily experience tasks already complete.
2026-08-20T03:04:59+0000 INFO root: Daily summary written to logs/huang1988pioneer/daily_summary.md and GitHub Step Summary.
2026-08-20T03:54:47+0000 INFO root: No due experience check. Now 11:00 Taipei, target was 7:00.
2026-08-20T03:54:47+0000 INFO root: Daily summary written to logs/huang1988pioneer/daily_summary.md and GitHub Step Summary.
2026-08-20T04:45:18+0000 INFO root: No due experience check. Now 12:00 Taipei, target was 7:00.
2026-08-20T04:45:18+0000 INFO root: Daily summary written to logs/huang1988pioneer/daily_summary.md and GitHub Step Summary.
2026-08-20T05:38:39+0000 INFO root: Logged in as 鋒三 (3706990272449316), account coins: 97, level: Lv3, exp: 1625, exp to next: 2875, days at 15 exp/day: 192
2026-08-20T05:38:39+0000 INFO root: Daily experience tasks already complete.
2026-08-20T05:38:39+0000 INFO root: Daily summary written to logs/huang1988pioneer/daily_summary.md and GitHub Step Summary.
2026-08-20T06:58:42+0000 INFO root: No due experience check. Now 14:00 Taipei, target was 7:00.
2026-08-20T06:58:42+0000 INFO root: Daily summary written to logs/huang1988pioneer/daily_summary.md and GitHub Step Summary.
2026-08-20T07:49:01+0000 INFO root: No due experience check. Now 15:00 Taipei, target was 7:00.
2026-08-20T07:49:01+0000 INFO root: Daily summary written to logs/huang1988pioneer/daily_summary.md and GitHub Step Summary.
2026-08-20T08:49:51+0000 INFO root: No due experience check. Now 16:00 Taipei, target was 7:00.
2026-08-20T08:49:51+0000 INFO root: Daily summary written to logs/huang1988pioneer/daily_summary.md and GitHub Step Summary.
2026-08-20T09:43:14+0000 INFO root: No due experience check. Now 17:00 Taipei, target was 7:00.
2026-08-20T09:43:14+0000 INFO root: Daily summary written to logs/huang1988pioneer/daily_summary.md and GitHub Step Summary.
2026-08-20T10:38:46+0000 INFO root: No due experience check. Now 18:00 Taipei, target was 7:00.
2026-08-20T10:38:46+0000 INFO root: Daily summary written to logs/huang1988pioneer/daily_summary.md and GitHub Step Summary.
2026-08-20T11:35:08+0000 INFO root: No due experience check. Now 19:00 Taipei, target was 7:00.
2026-08-20T11:35:08+0000 INFO root: Daily summary written to logs/huang1988pioneer/daily_summary.md and GitHub Step Summary.
2026-08-20T18:52:33+0000 INFO root: Waiting. Now 2:00 Taipei, target is 11:00.
2026-08-20T18:52:33+0000 INFO root: Daily summary written to logs/huang1988pioneer/daily_summary.md and GitHub Step Summary.
2026-08-20T19:38:07+0000 INFO root: Waiting. Now 3:00 Taipei, target is 11:00.
2026-08-20T19:38:07+0000 INFO root: Daily summary written to logs/huang1988pioneer/daily_summary.md and GitHub Step Summary.
2026-08-20T20:38:02+0000 INFO root: Waiting. Now 4:00 Taipei, target is 11:00.
2026-08-20T20:38:02+0000 INFO root: Daily summary written to logs/huang1988pioneer/daily_summary.md and GitHub Step Summary.
2026-08-20T21:35:53+0000 INFO root: Waiting. Now 5:00 Taipei, target is 11:00.
2026-08-20T21:35:53+0000 INFO root: Daily summary written to logs/huang1988pioneer/daily_summary.md and GitHub Step Summary.
2026-08-20T22:36:19+0000 INFO root: Waiting. Now 6:00 Taipei, target is 11:00.
2026-08-20T22:36:19+0000 INFO root: Daily summary written to logs/huang1988pioneer/daily_summary.md and GitHub Step Summary.
2026-08-20T23:33:03+0000 INFO root: Waiting. Now 7:00 Taipei, target is 11:00.
2026-08-20T23:33:03+0000 INFO root: Daily summary written to logs/huang1988pioneer/daily_summary.md and GitHub Step Summary.
2026-08-21T01:49:39+0000 INFO root: Waiting. Now 9:00 Taipei, target is 11:00.
2026-08-21T01:49:39+0000 INFO root: Daily summary written to logs/huang1988pioneer/daily_summary.md and GitHub Step Summary.
2026-08-21T03:11:17+0000 INFO root: Logged in as 鋒三 (3706990272449316), account coins: 97, level: Lv3, exp: 1625, exp to next: 2875, days at 15 exp/day: 192
2026-08-21T03:11:18+0000 INFO root: Selected video: BV1tZbU6fE7A 盘点b站萌新不知道的内容！
2026-08-21T03:11:18+0000 INFO root: Watch task: watch_reported 0
2026-08-21T03:11:19+0000 INFO root: Share task: share_reported OK
2026-08-21T03:11:19+0000 INFO root: Daily summary written to logs/huang1988pioneer/daily_summary.md and GitHub Step Summary.
2026-08-21T04:48:24+0000 INFO root: Logged in as 鋒三 (3706990272449316), account coins: 98, level: Lv3, exp: 1640, exp to next: 2860, days at 15 exp/day: 191
2026-08-21T04:48:24+0000 INFO root: Daily experience tasks already complete.
2026-08-21T04:48:24+0000 INFO root: Daily summary written to logs/huang1988pioneer/daily_summary.md and GitHub Step Summary.
2026-08-21T05:39:52+0000 INFO root: No due experience check. Now 13:00 Taipei, target was 11:00.
2026-08-21T05:39:52+0000 INFO root: Daily summary written to logs/huang1988pioneer/daily_summary.md and GitHub Step Summary.
2026-08-21T06:59:28+0000 INFO root: Logged in as 鋒三 (3706990272449316), account coins: 98, level: Lv3, exp: 1640, exp to next: 2860, days at 15 exp/day: 191
2026-08-21T06:59:28+0000 INFO root: Daily experience tasks already complete.
2026-08-21T06:59:28+0000 INFO root: Daily summary written to logs/huang1988pioneer/daily_summary.md and GitHub Step Summary.
2026-08-21T07:50:29+0000 INFO root: No due experience check. Now 15:00 Taipei, target was 11:00.
2026-08-21T07:50:29+0000 INFO root: Daily summary written to logs/huang1988pioneer/daily_summary.md and GitHub Step Summary.
2026-08-21T08:51:20+0000 INFO root: No due experience check. Now 16:00 Taipei, target was 11:00.
2026-08-21T08:51:20+0000 INFO root: Daily summary written to logs/huang1988pioneer/daily_summary.md and GitHub Step Summary.
2026-08-21T09:45:26+0000 INFO root: Logged in as 鋒三 (3706990272449316), account coins: 98, level: Lv3, exp: 1640, exp to next: 2860, days at 15 exp/day: 191
2026-08-21T09:45:26+0000 INFO root: Daily experience tasks already complete.
2026-08-21T09:45:26+0000 INFO root: Daily summary written to logs/huang1988pioneer/daily_summary.md and GitHub Step Summary.
2026-08-21T10:37:55+0000 INFO root: No due experience check. Now 18:00 Taipei, target was 11:00.
2026-08-21T10:37:55+0000 INFO root: Daily summary written to logs/huang1988pioneer/daily_summary.md and GitHub Step Summary.
2026-08-21T11:33:18+0000 INFO root: No due experience check. Now 19:00 Taipei, target was 11:00.
2026-08-21T11:33:18+0000 INFO root: Daily summary written to logs/huang1988pioneer/daily_summary.md and GitHub Step Summary.
2026-08-21T18:49:48+0000 INFO root: Waiting. Now 2:00 Taipei, target is 10:00.
2026-08-21T18:49:48+0000 INFO root: Daily summary written to logs/huang1988pioneer/daily_summary.md and GitHub Step Summary.
2026-08-21T19:31:40+0000 INFO root: Waiting. Now 3:00 Taipei, target is 10:00.
2026-08-21T19:31:40+0000 INFO root: Daily summary written to logs/huang1988pioneer/daily_summary.md and GitHub Step Summary.
2026-08-21T20:34:00+0000 INFO root: Waiting. Now 4:00 Taipei, target is 10:00.
2026-08-21T20:34:00+0000 INFO root: Daily summary written to logs/huang1988pioneer/daily_summary.md and GitHub Step Summary.
2026-08-21T21:32:21+0000 INFO root: Waiting. Now 5:00 Taipei, target is 10:00.
2026-08-21T21:32:21+0000 INFO root: Daily summary written to logs/huang1988pioneer/daily_summary.md and GitHub Step Summary.
2026-08-21T22:33:01+0000 INFO root: Waiting. Now 6:00 Taipei, target is 10:00.
2026-08-21T22:33:01+0000 INFO root: Daily summary written to logs/huang1988pioneer/daily_summary.md and GitHub Step Summary.
2026-08-21T23:31:44+0000 INFO root: Waiting. Now 7:00 Taipei, target is 10:00.
2026-08-21T23:31:44+0000 INFO root: Daily summary written to logs/huang1988pioneer/daily_summary.md and GitHub Step Summary.
2026-08-22T01:43:09+0000 INFO root: Waiting. Now 9:00 Taipei, target is 10:00.
2026-08-22T01:43:09+0000 INFO root: Daily summary written to logs/huang1988pioneer/daily_summary.md and GitHub Step Summary.
2026-08-22T03:02:09+0000 INFO root: Logged in as 鋒三 (3706990272449316), account coins: 98, level: Lv3, exp: 1640, exp to next: 2860, days at 15 exp/day: 191
2026-08-22T03:02:10+0000 INFO root: Selected video: BV1fm8K6bE8d 不用下载，点击立即哈气，哈基米斗2.0！【Bilibili Toy】
2026-08-22T03:02:10+0000 INFO root: Watch task: watch_reported 0
2026-08-22T03:02:10+0000 INFO root: Share task: share_reported OK
2026-08-22T03:02:11+0000 INFO root: Daily summary written to logs/huang1988pioneer/daily_summary.md and GitHub Step Summary.
2026-08-22T03:49:41+0000 INFO root: Logged in as 鋒三 (3706990272449316), account coins: 99, level: Lv3, exp: 1655, exp to next: 2845, days at 15 exp/day: 190
2026-08-22T03:49:41+0000 INFO root: Daily experience tasks already complete.
2026-08-22T03:49:41+0000 INFO root: Daily summary written to logs/huang1988pioneer/daily_summary.md and GitHub Step Summary.
2026-08-22T04:41:14+0000 INFO root: No due experience check. Now 12:00 Taipei, target was 10:00.
2026-08-22T04:41:14+0000 INFO root: Daily summary written to logs/huang1988pioneer/daily_summary.md and GitHub Step Summary.
2026-08-22T05:34:45+0000 INFO root: Logged in as 鋒三 (3706990272449316), account coins: 99, level: Lv3, exp: 1655, exp to next: 2845, days at 15 exp/day: 190
2026-08-22T05:34:45+0000 INFO root: Daily experience tasks already complete.
2026-08-22T05:34:45+0000 INFO root: Daily summary written to logs/huang1988pioneer/daily_summary.md and GitHub Step Summary.
2026-08-22T06:53:21+0000 INFO root: No due experience check. Now 14:00 Taipei, target was 10:00.
2026-08-22T06:53:21+0000 INFO root: Daily summary written to logs/huang1988pioneer/daily_summary.md and GitHub Step Summary.
2026-08-22T07:38:30+0000 INFO root: No due experience check. Now 15:00 Taipei, target was 10:00.
2026-08-22T07:38:30+0000 INFO root: Daily summary written to logs/huang1988pioneer/daily_summary.md and GitHub Step Summary.
2026-08-22T08:39:51+0000 INFO root: Logged in as 鋒三 (3706990272449316), account coins: 99, level: Lv3, exp: 1655, exp to next: 2845, days at 15 exp/day: 190
2026-08-22T08:39:51+0000 INFO root: Daily experience tasks already complete.
2026-08-22T08:39:51+0000 INFO root: Daily summary written to logs/huang1988pioneer/daily_summary.md and GitHub Step Summary.
2026-08-22T09:35:06+0000 INFO root: No due experience check. Now 17:00 Taipei, target was 10:00.
2026-08-22T09:35:06+0000 INFO root: Daily summary written to logs/huang1988pioneer/daily_summary.md and GitHub Step Summary.
2026-08-22T10:32:17+0000 INFO root: No due experience check. Now 18:00 Taipei, target was 10:00.
2026-08-22T10:32:17+0000 INFO root: Daily summary written to logs/huang1988pioneer/daily_summary.md and GitHub Step Summary.
2026-08-22T11:27:50+0000 INFO root: No due experience check. Now 19:00 Taipei, target was 10:00.
2026-08-22T11:27:50+0000 INFO root: Daily summary written to logs/huang1988pioneer/daily_summary.md and GitHub Step Summary.
2026-08-22T18:41:23+0000 INFO root: Waiting. Now 2:00 Taipei, target is 13:00.
2026-08-22T18:41:23+0000 INFO root: Daily summary written to logs/huang1988pioneer/daily_summary.md and GitHub Step Summary.
2026-08-22T19:28:55+0000 INFO root: Waiting. Now 3:00 Taipei, target is 13:00.
2026-08-22T19:28:55+0000 INFO root: Daily summary written to logs/huang1988pioneer/daily_summary.md and GitHub Step Summary.
2026-08-22T20:32:21+0000 INFO root: Waiting. Now 4:00 Taipei, target is 13:00.
2026-08-22T20:32:21+0000 INFO root: Daily summary written to logs/huang1988pioneer/daily_summary.md and GitHub Step Summary.
2026-08-22T21:29:14+0000 INFO root: Waiting. Now 5:00 Taipei, target is 13:00.
2026-08-22T21:29:14+0000 INFO root: Daily summary written to logs/huang1988pioneer/daily_summary.md and GitHub Step Summary.
2026-08-22T22:30:26+0000 INFO root: Waiting. Now 6:00 Taipei, target is 13:00.
2026-08-22T22:30:26+0000 INFO root: Daily summary written to logs/huang1988pioneer/daily_summary.md and GitHub Step Summary.
2026-08-22T23:28:41+0000 INFO root: Waiting. Now 7:00 Taipei, target is 13:00.
2026-08-22T23:28:41+0000 INFO root: Daily summary written to logs/huang1988pioneer/daily_summary.md and GitHub Step Summary.
2026-08-23T01:53:30+0000 INFO root: Waiting. Now 9:00 Taipei, target is 13:00.
2026-08-23T01:53:30+0000 INFO root: Daily summary written to logs/huang1988pioneer/daily_summary.md and GitHub Step Summary.
2026-08-23T03:10:56+0000 INFO root: Waiting. Now 11:00 Taipei, target is 13:00.
2026-08-23T03:10:56+0000 INFO root: Daily summary written to logs/huang1988pioneer/daily_summary.md and GitHub Step Summary.
2026-08-23T04:45:38+0000 INFO root: Waiting. Now 12:00 Taipei, target is 13:00.
2026-08-23T04:45:38+0000 INFO root: Daily summary written to logs/huang1988pioneer/daily_summary.md and GitHub Step Summary.
2026-08-23T05:37:04+0000 INFO root: Logged in as 鋒三 (3706990272449316), account coins: 99, level: Lv3, exp: 1655, exp to next: 2845, days at 15 exp/day: 190
2026-08-23T05:37:04+0000 INFO root: Selected video: BV1fA8m66EyX ⚡老牧师口音教学⚡
2026-08-23T05:37:05+0000 INFO root: Watch task: watch_reported 0
2026-08-23T05:37:05+0000 INFO root: Share task: share_reported OK
2026-08-23T05:37:05+0000 INFO root: Daily summary written to logs/huang1988pioneer/daily_summary.md and GitHub Step Summary.
2026-08-23T06:54:35+0000 INFO root: Logged in as 鋒三 (3706990272449316), account coins: 100, level: Lv3, exp: 1670, exp to next: 2830, days at 15 exp/day: 189
2026-08-23T06:54:36+0000 INFO root: Daily experience tasks already complete.
2026-08-23T06:54:36+0000 INFO root: Daily summary written to logs/huang1988pioneer/daily_summary.md and GitHub Step Summary.
2026-08-23T07:40:22+0000 INFO root: No due experience check. Now 15:00 Taipei, target was 13:00.
2026-08-23T07:40:22+0000 INFO root: Daily summary written to logs/huang1988pioneer/daily_summary.md and GitHub Step Summary.
2026-08-23T08:40:36+0000 INFO root: Logged in as 鋒三 (3706990272449316), account coins: 100, level: Lv3, exp: 1670, exp to next: 2830, days at 15 exp/day: 189
2026-08-23T08:40:37+0000 INFO root: Daily experience tasks already complete.
2026-08-23T08:40:37+0000 INFO root: Daily summary written to logs/huang1988pioneer/daily_summary.md and GitHub Step Summary.
2026-08-23T09:35:28+0000 INFO root: No due experience check. Now 17:00 Taipei, target was 13:00.
2026-08-23T09:35:28+0000 INFO root: Daily summary written to logs/huang1988pioneer/daily_summary.md and GitHub Step Summary.
2026-08-23T10:32:15+0000 INFO root: No due experience check. Now 18:00 Taipei, target was 13:00.
2026-08-23T10:32:15+0000 INFO root: Daily summary written to logs/huang1988pioneer/daily_summary.md and GitHub Step Summary.
2026-08-23T11:27:45+0000 INFO root: Logged in as 鋒三 (3706990272449316), account coins: 100, level: Lv3, exp: 1670, exp to next: 2830, days at 15 exp/day: 189
2026-08-23T11:27:46+0000 INFO root: Daily experience tasks already complete.
2026-08-23T11:27:46+0000 INFO root: Daily summary written to logs/huang1988pioneer/daily_summary.md and GitHub Step Summary.
2026-08-23T18:41:14+0000 INFO root: Waiting. Now 2:00 Taipei, target is 3:00.
2026-08-23T18:41:14+0000 INFO root: Daily summary written to logs/huang1988pioneer/daily_summary.md and GitHub Step Summary.
2026-08-23T19:29:00+0000 INFO root: Logged in as 鋒三 (3706990272449316), account coins: 100, level: Lv3, exp: 1670, exp to next: 2830, days at 15 exp/day: 189
2026-08-23T19:29:00+0000 INFO root: Selected video: BV1xc8y6LE1V 盲人母亲给脑瘫儿子做大猪头
2026-08-23T19:29:01+0000 INFO root: Watch task: watch_reported 0
2026-08-23T19:29:01+0000 INFO root: Share task: share_reported OK
2026-08-23T19:29:01+0000 INFO root: Daily summary written to logs/huang1988pioneer/daily_summary.md and GitHub Step Summary.
2026-08-23T20:33:14+0000 INFO root: Logged in as 鋒三 (3706990272449316), account coins: 100, level: Lv3, exp: 1685, exp to next: 2815, days at 15 exp/day: 188
2026-08-23T20:33:15+0000 INFO root: Daily experience tasks already complete.
2026-08-23T20:33:15+0000 INFO root: Daily summary written to logs/huang1988pioneer/daily_summary.md and GitHub Step Summary.
2026-08-23T21:29:33+0000 INFO root: No due experience check. Now 5:00 Taipei, target was 3:00.
2026-08-23T21:29:33+0000 INFO root: Daily summary written to logs/huang1988pioneer/daily_summary.md and GitHub Step Summary.
2026-08-23T22:31:07+0000 INFO root: Logged in as 鋒三 (3706990272449316), account coins: 101, level: Lv3, exp: 1685, exp to next: 2815, days at 15 exp/day: 188
2026-08-23T22:31:07+0000 INFO root: Daily experience tasks already complete.
2026-08-23T22:31:08+0000 INFO root: Daily summary written to logs/huang1988pioneer/daily_summary.md and GitHub Step Summary.
2026-08-23T23:29:11+0000 INFO root: No due experience check. Now 7:00 Taipei, target was 3:00.
2026-08-23T23:29:11+0000 INFO root: Daily summary written to logs/huang1988pioneer/daily_summary.md and GitHub Step Summary.
2026-08-24T01:50:26+0000 INFO root: Logged in as 鋒三 (3706990272449316), account coins: 101, level: Lv3, exp: 1685, exp to next: 2815, days at 15 exp/day: 188
2026-08-24T01:50:27+0000 INFO root: Daily experience tasks already complete.
2026-08-24T01:50:27+0000 INFO root: Daily summary written to logs/huang1988pioneer/daily_summary.md and GitHub Step Summary.
2026-08-24T03:11:46+0000 INFO root: No due experience check. Now 11:00 Taipei, target was 3:00.
2026-08-24T03:11:46+0000 INFO root: Daily summary written to logs/huang1988pioneer/daily_summary.md and GitHub Step Summary.
2026-08-24T04:54:45+0000 INFO root: No due experience check. Now 12:00 Taipei, target was 3:00.
2026-08-24T04:54:45+0000 INFO root: Daily summary written to logs/huang1988pioneer/daily_summary.md and GitHub Step Summary.
2026-08-24T05:46:08+0000 INFO root: No due experience check. Now 13:00 Taipei, target was 3:00.
2026-08-24T05:46:08+0000 INFO root: Daily summary written to logs/huang1988pioneer/daily_summary.md and GitHub Step Summary.
2026-08-24T07:13:27+0000 INFO root: No due experience check. Now 15:00 Taipei, target was 3:00.
2026-08-24T07:13:27+0000 INFO root: Daily summary written to logs/huang1988pioneer/daily_summary.md and GitHub Step Summary.
2026-08-24T08:57:43+0000 INFO root: No due experience check. Now 16:00 Taipei, target was 3:00.
2026-08-24T08:57:43+0000 INFO root: Daily summary written to logs/huang1988pioneer/daily_summary.md and GitHub Step Summary.
2026-08-24T09:56:43+0000 INFO root: No due experience check. Now 17:00 Taipei, target was 3:00.
2026-08-24T09:56:43+0000 INFO root: Daily summary written to logs/huang1988pioneer/daily_summary.md and GitHub Step Summary.
2026-08-24T10:44:58+0000 INFO root: No due experience check. Now 18:00 Taipei, target was 3:00.
2026-08-24T10:44:58+0000 INFO root: Daily summary written to logs/huang1988pioneer/daily_summary.md and GitHub Step Summary.
2026-08-24T11:36:27+0000 INFO root: No due experience check. Now 19:00 Taipei, target was 3:00.
2026-08-24T11:36:27+0000 INFO root: Daily summary written to logs/huang1988pioneer/daily_summary.md and GitHub Step Summary.
2026-08-24T18:52:40+0000 INFO root: Waiting. Now 2:00 Taipei, target is 8:00.
2026-08-24T18:52:40+0000 INFO root: Daily summary written to logs/huang1988pioneer/daily_summary.md and GitHub Step Summary.
2026-08-24T19:36:32+0000 INFO root: Waiting. Now 3:00 Taipei, target is 8:00.
2026-08-24T19:36:32+0000 INFO root: Daily summary written to logs/huang1988pioneer/daily_summary.md and GitHub Step Summary.
2026-08-24T20:40:03+0000 INFO root: Waiting. Now 4:00 Taipei, target is 8:00.
2026-08-24T20:40:03+0000 INFO root: Daily summary written to logs/huang1988pioneer/daily_summary.md and GitHub Step Summary.
2026-08-24T21:37:26+0000 INFO root: Waiting. Now 5:00 Taipei, target is 8:00.
2026-08-24T21:37:26+0000 INFO root: Daily summary written to logs/huang1988pioneer/daily_summary.md and GitHub Step Summary.
2026-08-24T22:35:48+0000 INFO root: Waiting. Now 6:00 Taipei, target is 8:00.
2026-08-24T22:35:48+0000 INFO root: Daily summary written to logs/huang1988pioneer/daily_summary.md and GitHub Step Summary.
2026-08-24T23:29:03+0000 INFO root: Waiting. Now 7:00 Taipei, target is 8:00.
2026-08-24T23:29:03+0000 INFO root: Daily summary written to logs/huang1988pioneer/daily_summary.md and GitHub Step Summary.
2026-08-25T01:44:55+0000 INFO root: Logged in as 鋒三 (3706990272449316), account coins: 101, level: Lv3, exp: 1685, exp to next: 2815, days at 15 exp/day: 188
2026-08-25T01:44:56+0000 INFO root: Selected video: BV1nm8b6ZEwe 一 次 看 爽 ！！
2026-08-25T01:44:56+0000 INFO root: Watch task: watch_reported 0
2026-08-25T01:44:56+0000 INFO root: Share task: share_reported OK
2026-08-25T01:44:56+0000 INFO root: Daily summary written to logs/huang1988pioneer/daily_summary.md and GitHub Step Summary.
2026-08-25T03:07:15+0000 INFO root: Logged in as 鋒三 (3706990272449316), account coins: 102, level: Lv3, exp: 1700, exp to next: 2800, days at 15 exp/day: 187
2026-08-25T03:07:16+0000 INFO root: Daily experience tasks already complete.
2026-08-25T03:07:16+0000 INFO root: Daily summary written to logs/huang1988pioneer/daily_summary.md and GitHub Step Summary.
2026-08-25T04:47:51+0000 INFO root: Logged in as 鋒三 (3706990272449316), account coins: 102, level: Lv3, exp: 1700, exp to next: 2800, days at 15 exp/day: 187
2026-08-25T04:47:52+0000 INFO root: Daily experience tasks already complete.
2026-08-25T04:47:52+0000 INFO root: Daily summary written to logs/huang1988pioneer/daily_summary.md and GitHub Step Summary.
2026-08-25T05:38:57+0000 INFO root: No due experience check. Now 13:00 Taipei, target was 8:00.
2026-08-25T05:38:57+0000 INFO root: Daily summary written to logs/huang1988pioneer/daily_summary.md and GitHub Step Summary.
2026-08-25T07:00:53+0000 INFO root: Logged in as 鋒三 (3706990272449316), account coins: 102, level: Lv3, exp: 1700, exp to next: 2800, days at 15 exp/day: 187
2026-08-25T07:00:53+0000 INFO root: Daily experience tasks already complete.
2026-08-25T07:00:53+0000 INFO root: Daily summary written to logs/huang1988pioneer/daily_summary.md and GitHub Step Summary.
2026-08-25T07:52:05+0000 INFO root: No due experience check. Now 15:00 Taipei, target was 8:00.
2026-08-25T07:52:05+0000 INFO root: Daily summary written to logs/huang1988pioneer/daily_summary.md and GitHub Step Summary.
2026-08-25T08:52:25+0000 INFO root: No due experience check. Now 16:00 Taipei, target was 8:00.
2026-08-25T08:52:25+0000 INFO root: Daily summary written to logs/huang1988pioneer/daily_summary.md and GitHub Step Summary.
2026-08-25T09:44:25+0000 INFO root: No due experience check. Now 17:00 Taipei, target was 8:00.
2026-08-25T09:44:25+0000 INFO root: Daily summary written to logs/huang1988pioneer/daily_summary.md and GitHub Step Summary.
2026-08-25T10:40:56+0000 INFO root: No due experience check. Now 18:00 Taipei, target was 8:00.
2026-08-25T10:40:56+0000 INFO root: Daily summary written to logs/huang1988pioneer/daily_summary.md and GitHub Step Summary.
2026-08-25T11:35:50+0000 INFO root: No due experience check. Now 19:00 Taipei, target was 8:00.
2026-08-25T11:35:50+0000 INFO root: Daily summary written to logs/huang1988pioneer/daily_summary.md and GitHub Step Summary.
2026-08-25T18:51:00+0000 INFO root: Waiting. Now 2:00 Taipei, target is 7:00.
2026-08-25T18:51:00+0000 INFO root: Daily summary written to logs/huang1988pioneer/daily_summary.md and GitHub Step Summary.
2026-08-25T19:39:07+0000 INFO root: Waiting. Now 3:00 Taipei, target is 7:00.
2026-08-25T19:39:07+0000 INFO root: Daily summary written to logs/huang1988pioneer/daily_summary.md and GitHub Step Summary.
2026-08-25T20:38:13+0000 INFO root: Waiting. Now 4:00 Taipei, target is 7:00.
2026-08-25T20:38:13+0000 INFO root: Daily summary written to logs/huang1988pioneer/daily_summary.md and GitHub Step Summary.
2026-08-25T21:36:40+0000 INFO root: Waiting. Now 5:00 Taipei, target is 7:00.
2026-08-25T21:36:40+0000 INFO root: Daily summary written to logs/huang1988pioneer/daily_summary.md and GitHub Step Summary.
2026-08-25T22:35:47+0000 INFO root: Waiting. Now 6:00 Taipei, target is 7:00.
2026-08-25T22:35:47+0000 INFO root: Daily summary written to logs/huang1988pioneer/daily_summary.md and GitHub Step Summary.
2026-08-25T23:31:46+0000 INFO root: Logged in as 鋒三 (3706990272449316), account coins: 102, level: Lv3, exp: 1700, exp to next: 2800, days at 15 exp/day: 187
2026-08-25T23:31:47+0000 INFO root: Selected video: BV1S9hP66EK1 那个被当成毛泽东的人，日本人认错了他，但我们应该认识他！
2026-08-25T23:31:47+0000 INFO root: Watch task: watch_reported 0
2026-08-25T23:31:48+0000 INFO root: Share task: share_reported OK
2026-08-25T23:31:48+0000 INFO root: Daily summary written to logs/huang1988pioneer/daily_summary.md and GitHub Step Summary.
2026-08-26T01:50:30+0000 INFO root: Logged in as 鋒三 (3706990272449316), account coins: 103, level: Lv3, exp: 1715, exp to next: 2785, days at 15 exp/day: 186
2026-08-26T01:50:31+0000 INFO root: Daily experience tasks already complete.
2026-08-26T01:50:31+0000 INFO root: Daily summary written to logs/huang1988pioneer/daily_summary.md and GitHub Step Summary.
2026-08-26T03:13:37+0000 INFO root: Logged in as 鋒三 (3706990272449316), account coins: 103, level: Lv3, exp: 1715, exp to next: 2785, days at 15 exp/day: 186
2026-08-26T03:13:37+0000 INFO root: Daily experience tasks already complete.
2026-08-26T03:13:37+0000 INFO root: Daily summary written to logs/huang1988pioneer/daily_summary.md and GitHub Step Summary.
2026-08-26T04:49:03+0000 INFO root: No due experience check. Now 12:00 Taipei, target was 7:00.
2026-08-26T04:49:03+0000 INFO root: Daily summary written to logs/huang1988pioneer/daily_summary.md and GitHub Step Summary.
2026-08-26T05:41:20+0000 INFO root: Logged in as 鋒三 (3706990272449316), account coins: 103, level: Lv3, exp: 1715, exp to next: 2785, days at 15 exp/day: 186
2026-08-26T05:41:20+0000 INFO root: Daily experience tasks already complete.
2026-08-26T05:41:20+0000 INFO root: Daily summary written to logs/huang1988pioneer/daily_summary.md and GitHub Step Summary.
2026-08-26T07:01:24+0000 INFO root: No due experience check. Now 15:00 Taipei, target was 7:00.
2026-08-26T07:01:25+0000 INFO root: Daily summary written to logs/huang1988pioneer/daily_summary.md and GitHub Step Summary.
2026-08-26T07:53:11+0000 INFO root: No due experience check. Now 15:00 Taipei, target was 7:00.
2026-08-26T07:53:11+0000 INFO root: Daily summary written to logs/huang1988pioneer/daily_summary.md and GitHub Step Summary.
2026-08-26T08:54:10+0000 INFO root: No due experience check. Now 16:00 Taipei, target was 7:00.
2026-08-26T08:54:10+0000 INFO root: Daily summary written to logs/huang1988pioneer/daily_summary.md and GitHub Step Summary.
2026-08-26T09:51:08+0000 INFO root: No due experience check. Now 17:00 Taipei, target was 7:00.
2026-08-26T09:51:08+0000 INFO root: Daily summary written to logs/huang1988pioneer/daily_summary.md and GitHub Step Summary.
2026-08-26T10:42:23+0000 INFO root: No due experience check. Now 18:00 Taipei, target was 7:00.
2026-08-26T10:42:23+0000 INFO root: Daily summary written to logs/huang1988pioneer/daily_summary.md and GitHub Step Summary.
2026-08-26T11:37:13+0000 INFO root: No due experience check. Now 19:00 Taipei, target was 7:00.
2026-08-26T11:37:13+0000 INFO root: Daily summary written to logs/huang1988pioneer/daily_summary.md and GitHub Step Summary.
2026-08-26T19:56:26+0000 INFO root: Waiting. Now 3:00 Taipei, target is 10:00.
2026-08-26T19:56:26+0000 INFO root: Daily summary written to logs/huang1988pioneer/daily_summary.md and GitHub Step Summary.
2026-08-26T23:19:17+0000 INFO root: Waiting. Now 7:00 Taipei, target is 10:00.
2026-08-26T23:19:17+0000 INFO root: Daily summary written to logs/huang1988pioneer/daily_summary.md and GitHub Step Summary.
2026-08-27T09:23:52+0000 INFO root: Logged in as 鋒三 (3706990272449316), account coins: 103, level: Lv3, exp: 1715, exp to next: 2785, days at 15 exp/day: 186
2026-08-27T09:23:53+0000 INFO root: Selected video: BV1Ln896WE2S 十年青春都耗这上面值吗？
2026-08-27T09:23:53+0000 INFO root: Watch task: watch_reported 0
2026-08-27T09:23:54+0000 INFO root: Share task: share_reported OK
2026-08-27T09:23:54+0000 INFO root: Daily summary written to logs/huang1988pioneer/daily_summary.md and GitHub Step Summary.
2026-08-27T20:18:07+0000 INFO root: Waiting. Now 4:00 Taipei, target is 9:00.
2026-08-27T20:18:07+0000 INFO root: Daily summary written to logs/huang1988pioneer/daily_summary.md and GitHub Step Summary.
2026-08-28T05:15:19+0000 INFO root: Logged in as 鋒三 (3706990272449316), account coins: 104, level: Lv3, exp: 1730, exp to next: 2770, days at 15 exp/day: 185
2026-08-28T05:15:20+0000 INFO root: Selected video: BV1Sy8x6AEz6 “秘密有代价，英雄无退路”
2026-08-28T05:15:20+0000 INFO root: Watch task: watch_reported 0
2026-08-28T05:15:20+0000 INFO root: Share task: share_reported OK
2026-08-28T05:15:20+0000 INFO root: Daily summary written to logs/huang1988pioneer/daily_summary.md and GitHub Step Summary.
2026-08-28T18:33:08+0000 INFO root: Waiting. Now 2:00 Taipei, target is 7:00.
2026-08-28T18:33:08+0000 INFO root: Daily summary written to logs/huang1988pioneer/daily_summary.md and GitHub Step Summary.
2026-08-29T02:03:56+0000 INFO root: Logged in as 鋒三 (3706990272449316), account coins: 106, level: Lv3, exp: 1755, exp to next: 2745, days at 15 exp/day: 183
2026-08-29T02:03:56+0000 INFO root: Selected video: BV1Up8s6bED8 吾不识青天高，黄地厚，唯见月寒日暖，来煎人寿
2026-08-29T02:03:57+0000 INFO root: Watch task: watch_reported 0
2026-08-29T02:03:57+0000 INFO root: Share task: share_reported OK
2026-08-29T02:03:57+0000 INFO root: Daily summary written to logs/huang1988pioneer/daily_summary.md and GitHub Step Summary.
2026-08-29T08:58:01+0000 INFO root: Logged in as 鋒三 (3706990272449316), account coins: 106, level: Lv3, exp: 1760, exp to next: 2740, days at 15 exp/day: 183
2026-08-29T08:58:01+0000 INFO root: Daily experience tasks already complete.
2026-08-29T08:58:01+0000 INFO root: Daily summary written to logs/huang1988pioneer/daily_summary.md and GitHub Step Summary.
2026-08-29T14:23:26+0000 INFO root: Logged in as 鋒三 (3706990272449316), account coins: 106, level: Lv3, exp: 1760, exp to next: 2740, days at 15 exp/day: 183
2026-08-29T14:23:27+0000 INFO root: Daily experience tasks already complete.
2026-08-29T14:23:27+0000 INFO root: Daily summary written to logs/huang1988pioneer/daily_summary.md and GitHub Step Summary.
2026-08-29T20:51:38+0000 INFO root: Waiting. Now 4:00 Taipei, target is 11:00.
2026-08-29T20:51:38+0000 INFO root: Daily summary written to logs/huang1988pioneer/daily_summary.md and GitHub Step Summary.
2026-08-29T23:13:48+0000 INFO root: Waiting. Now 7:00 Taipei, target is 11:00.
2026-08-29T23:13:48+0000 INFO root: Daily summary written to logs/huang1988pioneer/daily_summary.md and GitHub Step Summary.
2026-08-30T05:11:42+0000 INFO root: Logged in as 鋒三 (3706990272449316), account coins: 106, level: Lv3, exp: 1760, exp to next: 2740, days at 15 exp/day: 183
2026-08-30T05:11:43+0000 INFO root: Selected video: BV1Dx8Q63EhJ 虎哥真实采访上
2026-08-30T05:11:43+0000 INFO root: Watch task: watch_reported 0
2026-08-30T05:11:44+0000 INFO root: Share task: share_reported OK
2026-08-30T05:11:44+0000 INFO root: Daily summary written to logs/huang1988pioneer/daily_summary.md and GitHub Step Summary.
2026-08-30T11:47:26+0000 INFO root: Logged in as 鋒三 (3706990272449316), account coins: 107, level: Lv3, exp: 1775, exp to next: 2725, days at 15 exp/day: 182
2026-08-30T11:47:27+0000 INFO root: Daily experience tasks already complete.
2026-08-30T11:47:27+0000 INFO root: Daily summary written to logs/huang1988pioneer/daily_summary.md and GitHub Step Summary.
2026-08-30T20:57:09+0000 INFO root: Waiting. Now 4:00 Taipei, target is 6:00.
2026-08-30T20:57:09+0000 INFO root: Daily summary written to logs/huang1988pioneer/daily_summary.md and GitHub Step Summary.
2026-08-30T23:23:34+0000 INFO root: Logged in as 鋒三 (3706990272449316), account coins: 107, level: Lv3, exp: 1775, exp to next: 2725, days at 15 exp/day: 182
2026-08-30T23:23:35+0000 INFO root: Selected video: BV1dS8i6zE1o 【一口气看完】《诡界—阳光孤儿院》合集
2026-08-30T23:23:35+0000 INFO root: Watch task: watch_reported 0
2026-08-30T23:23:36+0000 INFO root: Share task: share_reported OK
2026-08-30T23:23:36+0000 INFO root: Daily summary written to logs/huang1988pioneer/daily_summary.md and GitHub Step Summary.
2026-08-31T05:19:25+0000 INFO root: Logged in as 鋒三 (3706990272449316), account coins: 108, level: Lv3, exp: 1790, exp to next: 2710, days at 15 exp/day: 181
2026-08-31T05:19:26+0000 INFO root: Daily experience tasks already complete.
2026-08-31T05:19:26+0000 INFO root: Daily summary written to logs/huang1988pioneer/daily_summary.md and GitHub Step Summary.
2026-08-31T13:30:21+0000 INFO root: Logged in as 鋒三 (3706990272449316), account coins: 108, level: Lv3, exp: 1790, exp to next: 2710, days at 15 exp/day: 181
2026-08-31T13:30:22+0000 INFO root: Daily experience tasks already complete.
2026-08-31T13:30:22+0000 INFO root: Daily summary written to logs/huang1988pioneer/daily_summary.md and GitHub Step Summary.
2026-08-31T22:45:21+0000 INFO root: Waiting. Now 6:00 Taipei, target is 7:00.
2026-08-31T22:45:21+0000 INFO root: Daily summary written to logs/huang1988pioneer/daily_summary.md and GitHub Step Summary.
2026-09-01T01:46:33+0000 INFO root: Logged in as 鋒三 (3706990272449316), account coins: 108, level: Lv3, exp: 1790, exp to next: 2710, days at 15 exp/day: 181
2026-09-01T01:46:34+0000 INFO root: Selected video: BV1be426SEn7 《B 界 修 仙 传：长 篇 电 影》
2026-09-01T01:46:34+0000 INFO root: Watch task: watch_reported 0
2026-09-01T01:46:34+0000 INFO root: Share task: share_reported OK
2026-09-01T01:46:34+0000 INFO root: Daily summary written to logs/huang1988pioneer/daily_summary.md and GitHub Step Summary.
2026-09-01T07:40:47+0000 INFO root: Logged in as 鋒三 (3706990272449316), account coins: 109, level: Lv3, exp: 1805, exp to next: 2695, days at 15 exp/day: 180
2026-09-01T07:40:48+0000 INFO root: Daily experience tasks already complete.
2026-09-01T07:40:48+0000 INFO root: Daily summary written to logs/huang1988pioneer/daily_summary.md and GitHub Step Summary.
2026-09-01T13:26:31+0000 INFO root: Logged in as 鋒三 (3706990272449316), account coins: 109, level: Lv3, exp: 1805, exp to next: 2695, days at 15 exp/day: 180
2026-09-01T13:26:31+0000 INFO root: Daily experience tasks already complete.
2026-09-01T13:26:31+0000 INFO root: Daily summary written to logs/huang1988pioneer/daily_summary.md and GitHub Step Summary.
2026-09-01T20:57:44+0000 INFO root: Waiting. Now 4:00 Taipei, target is 7:00.
2026-09-01T20:57:44+0000 INFO root: Daily summary written to logs/huang1988pioneer/daily_summary.md and GitHub Step Summary.
2026-09-01T23:14:43+0000 INFO root: Logged in as 鋒三 (3706990272449316), account coins: 109, level: Lv3, exp: 1805, exp to next: 2695, days at 15 exp/day: 180
2026-09-01T23:14:44+0000 INFO root: Selected video: BV1K74R6eEG5 大家好这是我第一条吃播视频 不好意思有点寒酸
2026-09-01T23:14:44+0000 INFO root: Watch task: watch_reported 0
2026-09-01T23:14:44+0000 INFO root: Share task: share_reported OK
2026-09-01T23:14:45+0000 INFO root: Daily summary written to logs/huang1988pioneer/daily_summary.md and GitHub Step Summary.
2026-09-02T04:15:03+0000 INFO root: Logged in as 鋒三 (3706990272449316), account coins: 110, level: Lv3, exp: 1820, exp to next: 2680, days at 15 exp/day: 179
2026-09-02T04:15:03+0000 INFO root: Daily experience tasks already complete.
2026-09-02T04:15:03+0000 INFO root: Daily summary written to logs/huang1988pioneer/daily_summary.md and GitHub Step Summary.
2026-09-02T09:28:29+0000 INFO root: Logged in as 鋒三 (3706990272449316), account coins: 110, level: Lv3, exp: 1820, exp to next: 2680, days at 15 exp/day: 179
2026-09-02T09:28:29+0000 INFO root: Daily experience tasks already complete.
2026-09-02T09:28:29+0000 INFO root: Daily summary written to logs/huang1988pioneer/daily_summary.md and GitHub Step Summary.
2026-09-02T14:19:31+0000 INFO root: Logged in as 鋒三 (3706990272449316), account coins: 110, level: Lv3, exp: 1820, exp to next: 2680, days at 15 exp/day: 179
2026-09-02T14:19:31+0000 INFO root: Daily experience tasks already complete.
2026-09-02T14:19:31+0000 INFO root: Daily summary written to logs/huang1988pioneer/daily_summary.md and GitHub Step Summary.
2026-09-02T20:56:57+0000 INFO root: Waiting. Now 4:00 Taipei, target is 7:00.
2026-09-02T20:56:57+0000 INFO root: Daily summary written to logs/huang1988pioneer/daily_summary.md and GitHub Step Summary.
2026-09-02T23:15:03+0000 INFO root: Logged in as 鋒三 (3706990272449316), account coins: 110, level: Lv3, exp: 1820, exp to next: 2680, days at 15 exp/day: 179
2026-09-02T23:15:04+0000 INFO root: Selected video: BV1vQ4Q6rEFR 这首歌改变了我的人生，并带我走进了中国这个美丽的世界。
2026-09-02T23:15:04+0000 INFO root: Watch task: watch_reported 0
2026-09-02T23:15:04+0000 INFO root: Share task: share_reported OK
2026-09-02T23:15:04+0000 INFO root: Daily summary written to logs/huang1988pioneer/daily_summary.md and GitHub Step Summary.
2026-09-03T04:10:10+0000 INFO root: Logged in as 鋒三 (3706990272449316), account coins: 111, level: Lv3, exp: 1835, exp to next: 2665, days at 15 exp/day: 178
2026-09-03T04:10:10+0000 INFO root: Daily experience tasks already complete.
2026-09-03T04:10:10+0000 INFO root: Daily summary written to logs/huang1988pioneer/daily_summary.md and GitHub Step Summary.
2026-09-03T09:37:24+0000 INFO root: Logged in as 鋒三 (3706990272449316), account coins: 111, level: Lv3, exp: 1835, exp to next: 2665, days at 15 exp/day: 178
2026-09-03T09:37:24+0000 INFO root: Daily experience tasks already complete.
2026-09-03T09:37:24+0000 INFO root: Daily summary written to logs/huang1988pioneer/daily_summary.md and GitHub Step Summary.
2026-09-03T14:22:44+0000 INFO root: Logged in as 鋒三 (3706990272449316), account coins: 111, level: Lv3, exp: 1835, exp to next: 2665, days at 15 exp/day: 178
2026-09-03T14:22:45+0000 INFO root: Daily experience tasks already complete.
2026-09-03T14:22:45+0000 INFO root: Daily summary written to logs/huang1988pioneer/daily_summary.md and GitHub Step Summary.
2026-09-03T20:55:18+0000 INFO root: Waiting. Now 4:00 Taipei, target is 8:00.
2026-09-03T20:55:18+0000 INFO root: Daily summary written to logs/huang1988pioneer/daily_summary.md and GitHub Step Summary.
2026-09-03T23:12:53+0000 INFO root: Waiting. Now 7:00 Taipei, target is 8:00.
2026-09-03T23:12:54+0000 INFO root: Daily summary written to logs/huang1988pioneer/daily_summary.md and GitHub Step Summary.
2026-09-04T04:18:00+0000 INFO root: Logged in as 鋒三 (3706990272449316), account coins: 111, level: Lv3, exp: 1835, exp to next: 2665, days at 15 exp/day: 178
2026-09-04T04:18:01+0000 INFO root: Selected video: BV11gts6SE13 【BilibiliToy】斗罗模拟器，快来试试下一个成神的幸运儿是不是你~
2026-09-04T04:18:01+0000 INFO root: Watch task: watch_reported 0
2026-09-04T04:18:01+0000 INFO root: Share task: share_reported OK
2026-09-04T04:18:01+0000 INFO root: Daily summary written to logs/huang1988pioneer/daily_summary.md and GitHub Step Summary.
